Archive member included because of file (symbol)

libs/gcc/app_start.lib(fileSys.o)
                              build\gcc\obj/custom/fota/src/fota_ftp.o (Ql_FS_Open)
libs/gcc/app_start.lib(fota.o)
                              build\gcc\obj/custom/fota/src/fota_main.o (Ql_FOTA_Init)
libs/gcc/app_start.lib(gprs.o)
                              build\gcc\obj/custom/fota/src/fota_main.o (Ql_GPRS_GetPDPContextId)
libs/gcc/app_start.lib(iic.o)
                              build\gcc\obj/example/nema_pro.o (Ql_IIC_Write)
libs/gcc/app_start.lib(lib_ril_sms.o)
                              build\gcc\obj/ril/src/ril_sms.o (LIB_SMS_IsValidHexStr)
libs/gcc/app_start.lib(memory.o)
                              build\gcc\obj/ril/src/ril_bluetooth.o (Ql_MEM_Alloc)
libs/gcc/app_start.lib(pwm.o)
                              build\gcc\obj/custom/main.o (Ql_PWM_Init)
libs/gcc/app_start.lib(ql_func.o)
                              libs/gcc/app_start.lib(memory.o) (api_notsup)
libs/gcc/app_start.lib(ql_main.o)
                              build\gcc\obj/ril/src/ril_bluetooth.o (Ql_Debug_Trace)
libs/gcc/app_start.lib(ril_aux.o)
                              build\gcc\obj/custom/config/sys_config.o (proc_reserved2)
libs/gcc/app_start.lib(ril_main.o)
                              build\gcc\obj/custom/config/sys_config.o (proc_reserved1)
libs/gcc/app_start.lib(stdlib_func.o)
                              build\gcc\obj/ril/src/ril_dtmf.o (Ql_atof)
libs/gcc/app_start.lib(system.o)
                              build\gcc\obj/ril/src/ril_ftp.o (Ql_Sleep)
libs/gcc/app_start.lib(taskMngt.o)
                              build\gcc\obj/custom/main.o (Ql_OS_GetMessage)
libs/gcc/app_start.lib(timer.o)
                              libs/gcc/app_start.lib(ril_main.o) (Ql_Timer_Register)
libs/gcc/app_start.lib(uart.o)
                              build\gcc\obj/custom/main.o (Ql_UART_Register)
libs/gcc/app_start.lib(ocpu_init.o)
                              libs/gcc/app_start.lib(ql_main.o) (_OCPU_InitUserMem)
C:\Program Files (x86)\CodeSourcery\Sourcery_CodeBench_Lite_for_ARM_EABI/arm-none-eabi/lib/thumb/libc.a(lib_a-memcpy.o)
                              build\gcc\obj/ril/src/ril_alarm.o (memcpy)
C:\Program Files (x86)\CodeSourcery\Sourcery_CodeBench_Lite_for_ARM_EABI/arm-none-eabi/lib/thumb/libc.a(lib_a-memset.o)
                              build\gcc\obj/ril/src/ril_alarm.o (memset)
C:\Program Files (x86)\CodeSourcery\Sourcery_CodeBench_Lite_for_ARM_EABI/lib/gcc/arm-none-eabi/4.6.1/thumb/libgcc.a(_udivsi3.o)
                              libs/gcc/app_start.lib(lib_ril_sms.o) (__aeabi_uidiv)
C:\Program Files (x86)\CodeSourcery\Sourcery_CodeBench_Lite_for_ARM_EABI/lib/gcc/arm-none-eabi/4.6.1/thumb/libgcc.a(_divsi3.o)
                              libs/gcc/app_start.lib(lib_ril_sms.o) (__aeabi_idiv)
C:\Program Files (x86)\CodeSourcery\Sourcery_CodeBench_Lite_for_ARM_EABI/lib/gcc/arm-none-eabi/4.6.1/thumb/libgcc.a(_dvmd_tls.o)
                              C:\Program Files (x86)\CodeSourcery\Sourcery_CodeBench_Lite_for_ARM_EABI/lib/gcc/arm-none-eabi/4.6.1/thumb/libgcc.a(_udivsi3.o) (__aeabi_idiv0)
C:\Program Files (x86)\CodeSourcery\Sourcery_CodeBench_Lite_for_ARM_EABI/lib/gcc/arm-none-eabi/4.6.1/thumb/libgcc.a(_arm_fixdfsi.o)
                              build\gcc\obj/ril/src/ril_dtmf.o (__aeabi_d2iz)
C:\Program Files (x86)\CodeSourcery\Sourcery_CodeBench_Lite_for_ARM_EABI/lib/gcc/arm-none-eabi/4.6.1/thumb/libgcc.a(_arm_truncdfsf2.o)
                              build\gcc\obj/ril/src/ril_location.o (__aeabi_d2f)

Allocating common symbols
Common symbol       size              file

Ql_snprintf         0x4               libs/gcc/app_start.lib(ql_main.o)
Ql_sprintf          0x4               libs/gcc/app_start.lib(ql_main.o)
Ql_Debug_Trace      0x4               libs/gcc/app_start.lib(ql_main.o)
u4OverflowPkt       0x4               build\gcc\obj/example/nema_pro.o
Ql_sscanf           0x4               libs/gcc/app_start.lib(ql_main.o)
rx_state            0x1               build\gcc\obj/example/nema_pro.o
g_comingCall        0x124             build\gcc\obj/ril/src/ril_telephony.o
Fota_gprsCfg        0xb0              build\gcc\obj/custom/fota/src/fota_main.o
FotaConfig          0x10              build\gcc\obj/custom/fota/src/fota_main.o
id_que              0x600             build\gcc\obj/example/nema_pro.o
u4PktInQueue        0x4               build\gcc\obj/example/nema_pro.o
id_que_tail         0x2               build\gcc\obj/example/nema_pro.o
id_que_head         0x2               build\gcc\obj/example/nema_pro.o
rx_que              0x8000            build\gcc\obj/example/nema_pro.o
rd_buf              0x100             build\gcc\obj/example/nema_pro.o
rx_que_head         0x2               build\gcc\obj/example/nema_pro.o
u4SyncPkt           0x4               build\gcc\obj/example/nema_pro.o

Discarded input sections

 .text          0x00000000        0x0 build\gcc\obj/custom/config/custom_sys_cfg.o
[...]
Memory Configuration

Name             Origin             Length             Attributes
ROM              0x102c7040         0x0005a000         xr
RAM              0xf03d2000         0x00019000         xrw
*default*        0x00000000         0xffffffff

Linker script and memory map

                0x102c7040                . = 0x102c7040

.initdata       0x102c7040       0x2c
 *(.initdata)
 .initdata      0x102c7040       0x2c libs/gcc/app_start.lib(ql_main.o)
                0x102c7040                GADLENTRY

text            0x102c7070      0x410
 *(.text)
 .text          0x102c7070       0x4c libs/gcc/app_start.lib(ocpu_init.o)
                0x102c7070                _OCPU_InitUserMem
 .text          0x102c70bc      0x108 C:\Program Files (x86)\CodeSourcery\Sourcery_CodeBench_Lite_for_ARM_EABI/arm-none-eabi/lib/thumb/libc.a(lib_a-memcpy.o)
                0x102c70bc                memcpy
 .text          0x102c71c4       0x90 C:\Program Files (x86)\CodeSourcery\Sourcery_CodeBench_Lite_for_ARM_EABI/arm-none-eabi/lib/thumb/libc.a(lib_a-memset.o)
                0x102c71c4                memset
 .text          0x102c7254      0x11c C:\Program Files (x86)\CodeSourcery\Sourcery_CodeBench_Lite_for_ARM_EABI/lib/gcc/arm-none-eabi/4.6.1/thumb/libgcc.a(_udivsi3.o)
                0x102c7254                __aeabi_uidiv
                0x102c7254                __udivsi3
                0x102c7350                __aeabi_uidivmod
 .text          0x102c7370        0x4 C:\Program Files (x86)\CodeSourcery\Sourcery_CodeBench_Lite_for_ARM_EABI/lib/gcc/arm-none-eabi/4.6.1/thumb/libgcc.a(_dvmd_tls.o)
                0x102c7370                __aeabi_idiv0
                0x102c7370                __aeabi_ldiv0
 .text          0x102c7374       0x5c C:\Program Files (x86)\CodeSourcery\Sourcery_CodeBench_Lite_for_ARM_EABI/lib/gcc/arm-none-eabi/4.6.1/thumb/libgcc.a(_arm_fixdfsi.o)
                0x102c7374                __aeabi_d2iz
                0x102c7374                __fixdfsi
 .text          0x102c73d0       0xa0 C:\Program Files (x86)\CodeSourcery\Sourcery_CodeBench_Lite_for_ARM_EABI/lib/gcc/arm-none-eabi/4.6.1/thumb/libgcc.a(_arm_truncdfsf2.o)
                0x102c73d0                __truncdfsf2
                0x102c73d0                __aeabi_d2f
 .text.stub     0x102c7470        0xc linker stubs

.glue_7         0x102c7480        0x0
 .glue_7        0x00000000        0x0 linker stubs

.glue_7t        0x102c7480        0x0
 .glue_7t       0x00000000        0x0 linker stubs

.vfp11_veneer   0x102c7480        0x0
 .vfp11_veneer  0x00000000        0x0 linker stubs

.v4_bx          0x102c7480        0x0
 .v4_bx         0x00000000        0x0 linker stubs

.iplt           0x102c7480        0x0
 .iplt          0x00000000        0x0 build\gcc\obj/custom/config/custom_sys_cfg.o

.text.Ql_RIL_AT_SetErrCode
                0x102c7480       0x10
 .text.Ql_RIL_AT_SetErrCode
                0x102c7480       0x10 build\gcc\obj/ril/src/ril_atResponse.o
                0x102c7480                Ql_RIL_AT_SetErrCode

.text.Default_atRsp_callback
                0x102c7490       0xcc
 .text.Default_atRsp_callback
                0x102c7490       0xcc build\gcc\obj/ril/src/ril_atResponse.o
                0x102c7490                Default_atRsp_callback

.text.BT_DevMngmt_Append
                0x102c755c       0x38
 .text.BT_DevMngmt_Append
                0x102c755c       0x38 build\gcc\obj/ril/src/ril_bluetooth.o

.text.BT_DevMngmt_isFull
                0x102c7594       0x40
 .text.BT_DevMngmt_isFull
                0x102c7594       0x40 build\gcc\obj/ril/src/ril_bluetooth.o

.text.ATRsp_QBTSTATE_Hdlr
                0x102c75d4      0x430
 .text.ATRsp_QBTSTATE_Hdlr
                0x102c75d4      0x430 build\gcc\obj/ril/src/ril_bluetooth.o

.text.BT_DevMngmt_UpdateProfileId.constprop.0
                0x102c7a04       0x38
 .text.BT_DevMngmt_UpdateProfileId.constprop.0
                0x102c7a04       0x38 build\gcc\obj/ril/src/ril_bluetooth.o

.text.BT_DevMngmt_UpdatePairId.constprop.1
                0x102c7a3c       0x38
 .text.BT_DevMngmt_UpdatePairId.constprop.1
                0x102c7a3c       0x38 build\gcc\obj/ril/src/ril_bluetooth.o

.text.BT_DevMngmt_UpdateConnId.constprop.2
                0x102c7a74       0x38
 .text.BT_DevMngmt_UpdateConnId.constprop.2
                0x102c7a74       0x38 build\gcc\obj/ril/src/ril_bluetooth.o

.text.OnURCHandler_BTVisible
                0x102c7aac       0xec
 .text.OnURCHandler_BTVisible
                0x102c7aac       0xec build\gcc\obj/ril/src/ril_bluetooth.o
                0x102c7aac                OnURCHandler_BTVisible

.text.OnURCHandler_BTScan
                0x102c7b98      0x278
 .text.OnURCHandler_BTScan
                0x102c7b98      0x278 build\gcc\obj/ril/src/ril_bluetooth.o
                0x102c7b98                OnURCHandler_BTScan

.text.RIL_BT_QueryState
                0x102c7e10       0x68
 .text.RIL_BT_QueryState
                0x102c7e10       0x68 build\gcc\obj/ril/src/ril_bluetooth.o
                0x102c7e10                RIL_BT_QueryState

.text.OnURCHandler_BTPair
                0x102c7e78      0x210
 .text.OnURCHandler_BTPair
                0x102c7e78      0x210 build\gcc\obj/ril/src/ril_bluetooth.o
                0x102c7e78                OnURCHandler_BTPair

.text.OnURCHandler_BTPairCnf
                0x102c8088      0x218
 .text.OnURCHandler_BTPairCnf
                0x102c8088      0x218 build\gcc\obj/ril/src/ril_bluetooth.o
                0x102c8088                OnURCHandler_BTPairCnf

.text.OnURCHandler_BTConn
                0x102c82a0      0x234
 .text.OnURCHandler_BTConn
                0x102c82a0      0x234 build\gcc\obj/ril/src/ril_bluetooth.o
                0x102c82a0                OnURCHandler_BTConn

.text.OnURCHandler_BTConnCnf
                0x102c84d4      0x2bc
 .text.OnURCHandler_BTConnCnf
                0x102c84d4      0x2bc build\gcc\obj/ril/src/ril_bluetooth.o
                0x102c84d4                OnURCHandler_BTConnCnf

.text.OnURCHandler_BTDisconn
                0x102c8790      0x1c0
 .text.OnURCHandler_BTDisconn
                0x102c8790      0x1c0 build\gcc\obj/ril/src/ril_bluetooth.o
                0x102c8790                OnURCHandler_BTDisconn

.text.OnURCHandler_BTIndication
                0x102c8950      0x354
 .text.OnURCHandler_BTIndication
                0x102c8950      0x354 build\gcc\obj/ril/src/ril_bluetooth.o
                0x102c8950                OnURCHandler_BTIndication

.text.Ql_RIL_RcvDataFrmCore
                0x102c8ca4       0x20
 .text.Ql_RIL_RcvDataFrmCore
                0x102c8ca4       0x20 build\gcc\obj/ril/src/ril_custom.o
                0x102c8ca4                Ql_RIL_RcvDataFrmCore

.text.OnURCHandler_QToneDet
                0x102c8cc4       0xf0
 .text.OnURCHandler_QToneDet
                0x102c8cc4       0xf0 build\gcc\obj/ril/src/ril_dtmf.o
                0x102c8cc4                OnURCHandler_QToneDet

.text.OnURCHandler_QWDTMF
                0x102c8db4       0xa0
 .text.OnURCHandler_QWDTMF
                0x102c8db4       0xa0 build\gcc\obj/ril/src/ril_dtmf.o
                0x102c8db4                OnURCHandler_QWDTMF

.text.RIL_GetInitCmdCnt
                0x102c8e54        0x8
 .text.RIL_GetInitCmdCnt
                0x102c8e54        0x8 build\gcc\obj/ril/src/ril_init.o
                0x102c8e54                RIL_GetInitCmdCnt

.text.RIL_GetLimitedCmdCnt
                0x102c8e5c        0x8
 .text.RIL_GetLimitedCmdCnt
                0x102c8e5c        0x8 build\gcc\obj/ril/src/ril_init.o
                0x102c8e5c                RIL_GetLimitedCmdCnt

.text.OnURCHandler_QCELLLocation
                0x102c8e64      0x148
 .text.OnURCHandler_QCELLLocation
                0x102c8e64      0x148 build\gcc\obj/ril/src/ril_location.o
                0x102c8e64                OnURCHandler_QCELLLocation

.text.OnURCHandler_NTPCMD
                0x102c8fac       0x6c
 .text.OnURCHandler_NTPCMD
                0x102c8fac       0x6c build\gcc\obj/ril/src/ril_ntp.o
                0x102c8fac                OnURCHandler_NTPCMD

.text.RIL_SIM_GetSimStateByName
                0x102c9018      0x154
 .text.RIL_SIM_GetSimStateByName
                0x102c9018      0x154 build\gcc\obj/ril/src/ril_sim.o
                0x102c9018                RIL_SIM_GetSimStateByName

.text.OnURCHandler_HTTP
                0x102c916c       0x6c
 .text.OnURCHandler_HTTP
                0x102c916c       0x6c build\gcc\obj/ril/src/ril_urc.o

.text.OnURCHandler_AudPlayInd
                0x102c91d8       0x50
 .text.OnURCHandler_AudPlayInd
                0x102c91d8       0x50 build\gcc\obj/ril/src/ril_urc.o

.text.OnURCHandler_FTP
                0x102c9228      0x170
 .text.OnURCHandler_FTP
                0x102c9228      0x170 build\gcc\obj/ril/src/ril_urc.o

.text.OnURCHandler_AlarmRing
                0x102c9398       0x28
 .text.OnURCHandler_AlarmRing
                0x102c9398       0x28 build\gcc\obj/ril/src/ril_urc.o

.text.OnURCHandler_InitStat
                0x102c93c0       0x64
 .text.OnURCHandler_InitStat
                0x102c93c0       0x64 build\gcc\obj/ril/src/ril_urc.o

.text.OnURCHandler_CFUN
                0x102c9424       0xc0
 .text.OnURCHandler_CFUN
                0x102c9424       0xc0 build\gcc\obj/ril/src/ril_urc.o

.text.OnURCHandler_Voltage
                0x102c94e4       0x9c
 .text.OnURCHandler_Voltage
                0x102c94e4       0x9c build\gcc\obj/ril/src/ril_urc.o

.text.OnURCHandler_Network
                0x102c9580      0x178
 .text.OnURCHandler_Network
                0x102c9580      0x178 build\gcc\obj/ril/src/ril_urc.o

.text.OnURCHandler_Call
                0x102c96f8      0x274
 .text.OnURCHandler_Call
                0x102c96f8      0x274 build\gcc\obj/ril/src/ril_urc.o

.text.OnURCHandler_SIM
                0x102c996c      0x100
 .text.OnURCHandler_SIM
                0x102c996c      0x100 build\gcc\obj/ril/src/ril_urc.o

.text.OnURCHandler_SMS
                0x102c9a6c      0x138
 .text.OnURCHandler_SMS
                0x102c9a6c      0x138 build\gcc\obj/ril/src/ril_urc.o

.text.OnURCHandler
                0x102c9ba4       0xbc
 .text.OnURCHandler
                0x102c9ba4       0xbc build\gcc\obj/ril/src/ril_urc.o
                0x102c9ba4                OnURCHandler

.text.Ql_RIL_IsURCStr
                0x102c9c60       0x84
 .text.Ql_RIL_IsURCStr
                0x102c9c60       0x84 build\gcc\obj/ril/src/ril_urc.o
                0x102c9c60                Ql_RIL_IsURCStr

.text.Ql_StrPrefixMatch
                0x102c9ce4       0x40
 .text.Ql_StrPrefixMatch
                0x102c9ce4       0x40 build\gcc\obj/ril/src/ril_util.o
                0x102c9ce4                Ql_StrPrefixMatch

.text.Ql_StrToUpper
                0x102c9d24       0x44
 .text.Ql_StrToUpper
                0x102c9d24       0x44 build\gcc\obj/ril/src/ril_util.o
                0x102c9d24                Ql_StrToUpper

.text.Ql_RIL_FindString
                0x102c9d68       0x8c
 .text.Ql_RIL_FindString
                0x102c9d68       0x8c build\gcc\obj/ril/src/ril_util.o
                0x102c9d68                Ql_RIL_FindString

.text.Ql_RIL_FindLine
                0x102c9df4      0x274
 .text.Ql_RIL_FindLine
                0x102c9df4      0x274 build\gcc\obj/ril/src/ril_util.o
                0x102c9df4                Ql_RIL_FindLine

.text.Ql_GenHash
                0x102ca068       0x4c
 .text.Ql_GenHash
                0x102ca068       0x4c build\gcc\obj/ril/src/ril_util.o
                0x102ca068                Ql_GenHash

.text.ATResponse_Handler
                0x102ca0b4       0xbc
 .text.ATResponse_Handler
                0x102ca0b4       0xbc build\gcc\obj/custom/main.o

.text.CallBack_UART_Hdlr
                0x102ca170      0x188
 .text.CallBack_UART_Hdlr
                0x102ca170      0x188 build\gcc\obj/custom/main.o

.text.proc_main_task
                0x102ca2f8      0x3dc
 .text.proc_main_task
                0x102ca2f8      0x3dc build\gcc\obj/custom/main.o
                0x102ca2f8                proc_main_task

.text.Ql_MEM_Alloc
                0x102ca6d4       0x78
 .text.Ql_MEM_Alloc
                0x102ca6d4       0x78 libs/gcc/app_start.lib(memory.o)
                0x102ca6d4                Ql_MEM_Alloc

.text.Ql_MEM_Free
                0x102ca74c       0x74
 .text.Ql_MEM_Free
                0x102ca74c       0x74 libs/gcc/app_start.lib(memory.o)
                0x102ca74c                Ql_MEM_Free

.text.Ql_PWM_Init
                0x102ca7c0       0x80
 .text.Ql_PWM_Init
                0x102ca7c0       0x80 libs/gcc/app_start.lib(pwm.o)
                0x102ca7c0                Ql_PWM_Init

.text.ql_InitVFunc
                0x102ca840       0xd8
 .text.ql_InitVFunc
                0x102ca840       0xd8 libs/gcc/app_start.lib(ql_main.o)
                0x102ca840                ql_InitVFunc

.text.ocpu_main
                0x102ca918       0xf0
 .text.ocpu_main
                0x102ca918       0xf0 libs/gcc/app_start.lib(ql_main.o)
                0x102ca918                ocpu_main

.text.proc_reserved2
                0x102caa08       0x70
 .text.proc_reserved2
                0x102caa08       0x70 libs/gcc/app_start.lib(ril_aux.o)
                0x102caa08                proc_reserved2

.text.ril_StopATTimer
                0x102caa78       0x34
 .text.ril_StopATTimer
                0x102caa78       0x34 libs/gcc/app_start.lib(ril_main.o)

.text.Callback_OnATTimer
                0x102caaac       0x4c
 .text.Callback_OnATTimer
                0x102caaac       0x4c libs/gcc/app_start.lib(ril_main.o)

.text.CallBack_SerialPort_Hdlr
                0x102caaf8      0x384
 .text.CallBack_SerialPort_Hdlr
                0x102caaf8      0x384 libs/gcc/app_start.lib(ril_main.o)

.text.proc_reserved1
                0x102cae7c      0x200
 .text.proc_reserved1
                0x102cae7c      0x200 libs/gcc/app_start.lib(ril_main.o)
                0x102cae7c                proc_reserved1

.text.Ql_RIL_Initialize
                0x102cb07c       0xd4
 .text.Ql_RIL_Initialize
                0x102cb07c       0xd4 libs/gcc/app_start.lib(ril_main.o)
                0x102cb07c                Ql_RIL_Initialize

.text.Ql_RIL_SendATCmd
                0x102cb150      0x260
 .text.Ql_RIL_SendATCmd
                0x102cb150      0x260 libs/gcc/app_start.lib(ril_main.o)
                0x102cb150                Ql_RIL_SendATCmd

.text.Ql_atof   0x102cb3b0       0x98
 .text.Ql_atof  0x102cb3b0       0x98 libs/gcc/app_start.lib(stdlib_func.o)
                0x102cb3b0                Ql_atof

.text.Ql_strcpy
                0x102cb448       0xa0
 .text.Ql_strcpy
                0x102cb448       0xa0 libs/gcc/app_start.lib(stdlib_func.o)
                0x102cb448                Ql_strcpy

.text.Ql_strncpy
                0x102cb4e8       0x88
 .text.Ql_strncpy
                0x102cb4e8       0x88 libs/gcc/app_start.lib(stdlib_func.o)
                0x102cb4e8                Ql_strncpy

.text.Ql_strlen
                0x102cb570       0x78
 .text.Ql_strlen
                0x102cb570       0x78 libs/gcc/app_start.lib(stdlib_func.o)
                0x102cb570                Ql_strlen

.text.Ql_strcmp
                0x102cb5e8       0x68
 .text.Ql_strcmp
                0x102cb5e8       0x68 libs/gcc/app_start.lib(stdlib_func.o)
                0x102cb5e8                Ql_strcmp

.text.Ql_strncmp
                0x102cb650       0x70
 .text.Ql_strncmp
                0x102cb650       0x70 libs/gcc/app_start.lib(stdlib_func.o)
                0x102cb650                Ql_strncmp

.text.Ql_memset
                0x102cb6c0       0x88
 .text.Ql_memset
                0x102cb6c0       0x88 libs/gcc/app_start.lib(stdlib_func.o)
                0x102cb6c0                Ql_memset

.text.Ql_memcpy
                0x102cb748       0x88
 .text.Ql_memcpy
                0x102cb748       0x88 libs/gcc/app_start.lib(stdlib_func.o)
                0x102cb748                Ql_memcpy

.text.Ql_strstr
                0x102cb7d0       0x80
 .text.Ql_strstr
                0x102cb7d0       0x80 libs/gcc/app_start.lib(stdlib_func.o)
                0x102cb7d0                Ql_strstr

.text.Ql_toupper
                0x102cb850        0x8
 .text.Ql_toupper
                0x102cb850        0x8 libs/gcc/app_start.lib(stdlib_func.o)
                0x102cb850                Ql_toupper

.text.Ql_atoi   0x102cb858       0x84
 .text.Ql_atoi  0x102cb858       0x84 libs/gcc/app_start.lib(stdlib_func.o)
                0x102cb858                Ql_atoi

.text.Ql_GetSDKVer
                0x102cb8dc       0x64
 .text.Ql_GetSDKVer
                0x102cb8dc       0x64 libs/gcc/app_start.lib(system.o)
                0x102cb8dc                Ql_GetSDKVer

.text.Ql_OS_GetMessage
                0x102cb940       0x60
 .text.Ql_OS_GetMessage
                0x102cb940       0x60 libs/gcc/app_start.lib(taskMngt.o)
                0x102cb940                Ql_OS_GetMessage

.text.Ql_OS_SendMessage
                0x102cb9a0       0x78
 .text.Ql_OS_SendMessage
                0x102cb9a0       0x78 libs/gcc/app_start.lib(taskMngt.o)
                0x102cb9a0                Ql_OS_SendMessage

.text.Ql_OS_CreateMutex
                0x102cba18       0x54
 .text.Ql_OS_CreateMutex
                0x102cba18       0x54 libs/gcc/app_start.lib(taskMngt.o)
                0x102cba18                Ql_OS_CreateMutex

.text.Ql_OS_TakeMutex
                0x102cba6c       0x54
 .text.Ql_OS_TakeMutex
                0x102cba6c       0x54 libs/gcc/app_start.lib(taskMngt.o)
                0x102cba6c                Ql_OS_TakeMutex

.text.Ql_OS_GiveMutex
                0x102cbac0       0x54
 .text.Ql_OS_GiveMutex
                0x102cbac0       0x54 libs/gcc/app_start.lib(taskMngt.o)
                0x102cbac0                Ql_OS_GiveMutex

.text.Ql_OS_CreateEvent
                0x102cbb14       0x54
 .text.Ql_OS_CreateEvent
                0x102cbb14       0x54 libs/gcc/app_start.lib(taskMngt.o)
                0x102cbb14                Ql_OS_CreateEvent

.text.Ql_OS_WaitEvent
                0x102cbb68       0x68
 .text.Ql_OS_WaitEvent
                0x102cbb68       0x68 libs/gcc/app_start.lib(taskMngt.o)
                0x102cbb68                Ql_OS_WaitEvent

.text.Ql_OS_SetEvent
                0x102cbbd0       0x68
 .text.Ql_OS_SetEvent
                0x102cbbd0       0x68 libs/gcc/app_start.lib(taskMngt.o)
                0x102cbbd0                Ql_OS_SetEvent

.text.Ql_Timer_Register
                0x102cbc38       0x70
 .text.Ql_Timer_Register
                0x102cbc38       0x70 libs/gcc/app_start.lib(timer.o)
                0x102cbc38                Ql_Timer_Register

.text.Ql_Timer_Start
                0x102cbca8       0x70
 .text.Ql_Timer_Start
                0x102cbca8       0x70 libs/gcc/app_start.lib(timer.o)
                0x102cbca8                Ql_Timer_Start

.text.Ql_Timer_Stop
                0x102cbd18       0x60
 .text.Ql_Timer_Stop
                0x102cbd18       0x60 libs/gcc/app_start.lib(timer.o)
                0x102cbd18                Ql_Timer_Stop

.text.Ql_UART_Register
                0x102cbd78       0x70
 .text.Ql_UART_Register
                0x102cbd78       0x70 libs/gcc/app_start.lib(uart.o)
                0x102cbd78                Ql_UART_Register

.text.Ql_UART_Open
                0x102cbde8       0x70
 .text.Ql_UART_Open
                0x102cbde8       0x70 libs/gcc/app_start.lib(uart.o)
                0x102cbde8                Ql_UART_Open

.text.Ql_UART_Write
                0x102cbe58       0x70
 .text.Ql_UART_Write
                0x102cbe58       0x70 libs/gcc/app_start.lib(uart.o)
                0x102cbe58                Ql_UART_Write

.text.Ql_UART_Read
                0x102cbec8       0x70
 .text.Ql_UART_Read
                0x102cbec8       0x70 libs/gcc/app_start.lib(uart.o)
                0x102cbec8                Ql_UART_Read

.text.Ql_UART_GetPinStatus
                0x102cbf38       0x68
 .text.Ql_UART_GetPinStatus
                0x102cbf38       0x68 libs/gcc/app_start.lib(uart.o)
                0x102cbf38                Ql_UART_GetPinStatus

.text.Ql_UART_SendEscap
                0x102cbfa0       0x60
 .text.Ql_UART_SendEscap
                0x102cbfa0       0x60 libs/gcc/app_start.lib(uart.o)
                0x102cbfa0                Ql_UART_SendEscap

.rodata         0x102cc000      0xa99
 *(.rodata)
 .rodata        0x102cc000       0x54 build\gcc\obj/custom/config/custom_sys_cfg.o
                0x102cc004                SystemCfg
 .rodata        0x102cc054       0x54 build\gcc\obj/custom/config/sys_config.o
                0x102cc054                GpioConfigTbl
                0x102cc058                TaskConfig
 .rodata        0x102cc0a8      0x100 build\gcc\obj/ril/src/ril_bluetooth.o
 .rodata        0x102cc1a8       0x1a build\gcc\obj/ril/src/ril_dtmf.o
 .rodata        0x102cc1c2        0xe build\gcc\obj/ril/src/ril_location.o
 .rodata        0x102cc1d0        0xa build\gcc\obj/ril/src/ril_ntp.o
 *fill*         0x102cc1da        0x2 00
 .rodata        0x102cc1dc      0x888 build\gcc\obj/ril/src/ril_urc.o
 .rodata        0x102cca64       0x16 libs/gcc/app_start.lib(ql_main.o)
 .rodata        0x102cca7a        0x4 libs/gcc/app_start.lib(ril_main.o)
 .rodata        0x102cca7e       0x1b libs/gcc/app_start.lib(system.o)

.rodata.str1.1  0x102cca99      0xdaa
 .rodata.str1.1
                0x102cca99       0x28 build\gcc\obj/ril/src/ril_atResponse.o
                                 0x2e (size before relaxing)
 .rodata.str1.1
                0x102ccac1      0x3e8 build\gcc\obj/ril/src/ril_bluetooth.o
                                0x4e3 (size before relaxing)
 .rodata.str1.1
                0x102ccea9       0xb7 build\gcc\obj/ril/src/ril_dtmf.o
                                 0xcc (size before relaxing)
 .rodata.str1.1
                0x102ccf60       0x52 build\gcc\obj/ril/src/ril_init.o
 .rodata.str1.1
                0x102ccfb2       0x8a build\gcc\obj/ril/src/ril_location.o
                                 0xca (size before relaxing)
 .rodata.str1.1
                0x102cd03c       0x79 build\gcc\obj/ril/src/ril_sim.o
                                 0xaf (size before relaxing)
 .rodata.str1.1
                0x102cd0b5      0x164 build\gcc\obj/ril/src/ril_urc.o
                                0x16b (size before relaxing)
 .rodata.str1.1
                0x102cd219       0x11 build\gcc\obj/ril/src/ril_util.o
                                 0x16 (size before relaxing)
 .rodata.str1.1
                0x102cd22a      0x1dd build\gcc\obj/custom/main.o
                                0x200 (size before relaxing)
 .rodata.str1.1
                0x102cd407       0x19 libs/gcc/app_start.lib(memory.o)
 .rodata.str1.1
                0x102cd420       0x28 libs/gcc/app_start.lib(pwm.o)
 .rodata.str1.1
                0x102cd448       0x51 libs/gcc/app_start.lib(ql_main.o)
                                 0x56 (size before relaxing)
 .rodata.str1.1
                0x102cd499       0x1e libs/gcc/app_start.lib(ril_main.o)
                                 0x25 (size before relaxing)
 .rodata.str1.1
                0x102cd4b7       0xe8 libs/gcc/app_start.lib(stdlib_func.o)
 .rodata.str1.1
                0x102cd59f      0x157 libs/gcc/app_start.lib(taskMngt.o)
 .rodata.str1.1
                0x102cd6f6       0x45 libs/gcc/app_start.lib(timer.o)
 .rodata.str1.1
                0x102cd73b      0x108 libs/gcc/app_start.lib(uart.o)

.rel.dyn        0x102cd844        0x0
 .rel.iplt      0x00000000        0x0 build\gcc\obj/custom/config/custom_sys_cfg.o

.data           0xf03d2000       0x50 load address 0x102cd848
                0x102cd848                PROVIDE (__data_load, LOADADDR (.data))
                0xf03d2000                PROVIDE (__data_start, .)
 *(.data)
 .data          0xf03d2000        0x1 build\gcc\obj/ril/src/ril_bluetooth.o
 *fill*         0xf03d2001        0x3 00
 .data          0xf03d2004       0x20 build\gcc\obj/ril/src/ril_init.o
                0xf03d2004                g_LimitedCmds
                0xf03d200c                g_InitCmds
 .data          0xf03d2024       0x18 libs/gcc/app_start.lib(ql_func.o)
                0xf03d2024                api_notsup
 .data          0xf03d203c        0x4 libs/gcc/app_start.lib(ril_aux.o)
                0xf03d203c                g_ril_auxTaskId
 .data          0xf03d2040       0x10 libs/gcc/app_start.lib(ril_main.o)
                0xf03d2050                . = ALIGN (0x8)
                0xf03d2050                PROVIDE (_edata, .)

.igot.plt       0xf03d2050        0x0 load address 0x102cd898
 .igot.plt      0x00000000        0x0 build\gcc\obj/custom/config/custom_sys_cfg.o

.bss            0xf03d2050     0x197c load address 0x102cd898
                0xf03d2050                PROVIDE (__bss_start__, .)
 *(.bss)
 .bss           0xf03d2050        0x4 build\gcc\obj/ril/src/ril_atResponse.o
 .bss           0xf03d2054        0x4 build\gcc\obj/ril/src/ril_audio.o
                0xf03d2054                cb_aud_play
 .bss           0xf03d2058       0x98 build\gcc\obj/ril/src/ril_bluetooth.o
 .bss           0xf03d20f0        0x4 build\gcc\obj/ril/src/ril_custom.o
                0xf03d20f0                cb_rcvCoreData
 .bss           0xf03d20f4       0x10 build\gcc\obj/ril/src/ril_dtmf.o
 .bss           0xf03d2104       0x18 build\gcc\obj/ril/src/ril_http.o
                0xf03d2108                http_url_addr
                0xf03d210c                http_url_addr_len
                0xf03d2110                http_post_msg
                0xf03d2114                http_post_msg_len
                0xf03d2118                callback_http_dwnld
 .bss           0xf03d211c        0x4 build\gcc\obj/ril/src/ril_location.o
 .bss           0xf03d2120        0x4 build\gcc\obj/ril/src/ril_ntp.o
 .bss           0xf03d2124        0x8 build\gcc\obj/ril/src/ril_urc.o
                0xf03d2124                FtpGet_IND_CB
                0xf03d2128                FtpPut_IND_CB
 .bss           0xf03d212c      0xa00 build\gcc\obj/custom/main.o
 .bss           0xf03d2b2c        0x8 libs/gcc/app_start.lib(memory.o)
 .bss           0xf03d2b34        0xc libs/gcc/app_start.lib(pwm.o)
                0xf03d2b34                m_PWM_Init
                0xf03d2b38                m_PWM_Uninit
                0xf03d2b3c                m_PWM_Output
 .bss           0xf03d2b40       0x24 libs/gcc/app_start.lib(ql_func.o)
                0xf03d2b40                m_StartPlayAudioStream
                0xf03d2b44                m_get_api_ptr
                0xf03d2b48                m_StopPlayAudioStream
                0xf03d2b4c                m_GetRelativeTime_Counter
                0xf03d2b50                m_SecondToTicks
                0xf03d2b54                m_MillisecondToTicks
                0xf03d2b58                m_CalendarTime2LocalTime
                0xf03d2b5c                m_osChangeTaskPriority
                0xf03d2b60                m_create_api_hash
 .bss           0xf03d2b64       0x10 libs/gcc/app_start.lib(ql_main.o)
                0xf03d2b68                runinfo
 .bss           0xf03d2b74        0x1 libs/gcc/app_start.lib(ril_aux.o)
                0xf03d2b74                g_ril_auxTaskReady
 *fill*         0xf03d2b75        0x3 00
 .bss           0xf03d2b78      0xc34 libs/gcc/app_start.lib(ril_main.o)
 .bss           0xf03d37ac       0x5c libs/gcc/app_start.lib(stdlib_func.o)
 .bss           0xf03d3808       0x44 libs/gcc/app_start.lib(taskMngt.o)
 .bss           0xf03d384c       0x10 libs/gcc/app_start.lib(timer.o)
 .bss           0xf03d385c       0x3c libs/gcc/app_start.lib(uart.o)
                0xf03d3898                . = ALIGN (0x8)
                0xf03d3898                PROVIDE (__bss_end__, .)
 COMMON         0xf03d3898      0x124 build\gcc\obj/ril/src/ril_telephony.o
                0xf03d3898                g_comingCall
 COMMON         0xf03d39bc       0x10 libs/gcc/app_start.lib(ql_main.o)
                0xf03d39bc                Ql_snprintf
                0xf03d39c0                Ql_sprintf
                0xf03d39c4                Ql_Debug_Trace
                0xf03d39c8                Ql_sscanf
LOAD build\gcc\obj/custom/config/custom_sys_cfg.o
LOAD build\gcc\obj/custom/config/sys_config.o
LOAD build\gcc\obj/ril/src/ril_alarm.o
LOAD build\gcc\obj/ril/src/ril_atResponse.o
LOAD build\gcc\obj/ril/src/ril_audio.o
LOAD build\gcc\obj/ril/src/ril_bluetooth.o
LOAD build\gcc\obj/ril/src/ril_custom.o
LOAD build\gcc\obj/ril/src/ril_dtmf.o
LOAD build\gcc\obj/ril/src/ril_ftp.o
LOAD build\gcc\obj/ril/src/ril_http.o
LOAD build\gcc\obj/ril/src/ril_init.o
LOAD build\gcc\obj/ril/src/ril_location.o
LOAD build\gcc\obj/ril/src/ril_location2.o
LOAD build\gcc\obj/ril/src/ril_network.o
LOAD build\gcc\obj/ril/src/ril_ntp.o
LOAD build\gcc\obj/ril/src/ril_sim.o
LOAD build\gcc\obj/ril/src/ril_sms.o
LOAD build\gcc\obj/ril/src/ril_system.o
LOAD build\gcc\obj/ril/src/ril_telephony.o
LOAD build\gcc\obj/ril/src/ril_urc.o
LOAD build\gcc\obj/ril/src/ril_util.o
LOAD build\gcc\obj/example/example_adc.o
LOAD build\gcc\obj/example/example_alarm.o
LOAD build\gcc\obj/example/example_audio.o
LOAD build\gcc\obj/example/example_bluetooth.o
LOAD build\gcc\obj/example/example_call.o
LOAD build\gcc\obj/example/example_clk.o
LOAD build\gcc\obj/example/example_csd.o
LOAD build\gcc\obj/example/example_download_epo.o
LOAD build\gcc\obj/example/example_dtmf.o
LOAD build\gcc\obj/example/example_eint.o
LOAD build\gcc\obj/example/example_file.o
LOAD build\gcc\obj/example/example_float_math.o
LOAD build\gcc\obj/example/example_fota_ftp.o
LOAD build\gcc\obj/example/example_fota_http.o
LOAD build\gcc\obj/example/example_ftp.o
LOAD build\gcc\obj/example/example_gpio.o
LOAD build\gcc\obj/example/Example_gps_iic.o
LOAD build\gcc\obj/example/example_http.o
LOAD build\gcc\obj/example/example_iic.o
LOAD build\gcc\obj/example/example_location.o
LOAD build\gcc\obj/example/example_location2.o
LOAD build\gcc\obj/example/example_memory.o
LOAD build\gcc\obj/example/example_multitask.o
LOAD build\gcc\obj/example/example_multitask_port.o
LOAD build\gcc\obj/example/example_pwm.o
LOAD build\gcc\obj/example/example_sms.o
LOAD build\gcc\obj/example/example_spi.o
LOAD build\gcc\obj/example/example_system.o
LOAD build\gcc\obj/example/example_tcp_demo.o
LOAD build\gcc\obj/example/example_tcpclient.o
LOAD build\gcc\obj/example/example_tcpserver.o
LOAD build\gcc\obj/example/example_time.o
LOAD build\gcc\obj/example/example_timer.o
LOAD build\gcc\obj/example/example_transpass.o
LOAD build\gcc\obj/example/example_udpclient.o
LOAD build\gcc\obj/example/example_udpserver.o
LOAD build\gcc\obj/example/example_watchdog.o
LOAD build\gcc\obj/example/nema_pro.o
LOAD build\gcc\obj/example/utility.o
LOAD build\gcc\obj/custom/main.o
LOAD build\gcc\obj/custom/fota/src/fota_ftp.o
LOAD build\gcc\obj/custom/fota/src/fota_http.o
LOAD build\gcc\obj/custom/fota/src/fota_http_code.o
LOAD build\gcc\obj/custom/fota/src/fota_main.o
LOAD libs/gcc/app_start.lib
LOAD C:\Program Files (x86)\CodeSourcery\Sourcery_CodeBench_Lite_for_ARM_EABI/arm-none-eabi/lib/thumb/libm.a
LOAD C:\Program Files (x86)\CodeSourcery\Sourcery_CodeBench_Lite_for_ARM_EABI/arm-none-eabi/lib/thumb/libc.a
LOAD C:\Program Files (x86)\CodeSourcery\Sourcery_CodeBench_Lite_for_ARM_EABI/arm-none-eabi/lib/thumb/libcs3.a
LOAD C:\Program Files (x86)\CodeSourcery\Sourcery_CodeBench_Lite_for_ARM_EABI/lib/gcc/arm-none-eabi/4.6.1/thumb/libgcc.a
OUTPUT(build\gcc/APPGS3MDM32A01.elf elf32-littlearm)

.comment        0x00000000       0x60
 .comment       0x00000000       0x30 build\gcc\obj/custom/config/custom_sys_cfg.o
                                 0x31 (size before relaxing)
 .comment       0x00000000       0x31 build\gcc\obj/custom/config/sys_config.o
 .comment       0x00000000       0x31 build\gcc\obj/ril/src/ril_atResponse.o
 .comment       0x00000000       0x31 build\gcc\obj/ril/src/ril_audio.o
 .comment       0x00000000       0x31 build\gcc\obj/ril/src/ril_bluetooth.o
 .comment       0x00000000       0x31 build\gcc\obj/ril/src/ril_custom.o
 .comment       0x00000000       0x31 build\gcc\obj/ril/src/ril_dtmf.o
 .comment       0x00000000       0x31 build\gcc\obj/ril/src/ril_http.o
 .comment       0x00000000       0x31 build\gcc\obj/ril/src/ril_init.o
 .comment       0x00000000       0x31 build\gcc\obj/ril/src/ril_location.o
 .comment       0x00000000       0x31 build\gcc\obj/ril/src/ril_ntp.o
 .comment       0x00000000       0x31 build\gcc\obj/ril/src/ril_sim.o
 .comment       0x00000000       0x31 build\gcc\obj/ril/src/ril_telephony.o
 .comment       0x00000000       0x31 build\gcc\obj/ril/src/ril_urc.o
 .comment       0x00000000       0x31 build\gcc\obj/ril/src/ril_util.o
 .comment       0x00000000       0x31 build\gcc\obj/custom/main.o
 .comment       0x00000030       0x30 libs/gcc/app_start.lib(memory.o)
                                 0x31 (size before relaxing)
 .comment       0x00000000       0x31 libs/gcc/app_start.lib(pwm.o)
 .comment       0x00000000       0x31 libs/gcc/app_start.lib(ql_func.o)
 .comment       0x00000000       0x31 libs/gcc/app_start.lib(ql_main.o)
 .comment       0x00000000       0x31 libs/gcc/app_start.lib(ril_aux.o)
 .comment       0x00000000       0x31 libs/gcc/app_start.lib(ril_main.o)
 .comment       0x00000000       0x31 libs/gcc/app_start.lib(stdlib_func.o)
 .comment       0x00000000       0x31 libs/gcc/app_start.lib(system.o)
 .comment       0x00000000       0x31 libs/gcc/app_start.lib(taskMngt.o)
 .comment       0x00000000       0x31 libs/gcc/app_start.lib(timer.o)
 .comment       0x00000000       0x31 libs/gcc/app_start.lib(uart.o)

.ARM.attributes
                0x00000000       0x2b
 .ARM.attributes
                0x00000000       0x2d build\gcc\obj/custom/config/custom_sys_cfg.o
 .ARM.attributes
                0x0000002d       0x2d build\gcc\obj/custom/config/sys_config.o
 .ARM.attributes
                0x0000005a       0x2d build\gcc\obj/ril/src/ril_atResponse.o
 .ARM.attributes
                0x00000087       0x2d build\gcc\obj/ril/src/ril_audio.o
 .ARM.attributes
                0x000000b4       0x2d build\gcc\obj/ril/src/ril_bluetooth.o
 .ARM.attributes
                0x000000e1       0x2d build\gcc\obj/ril/src/ril_custom.o
 .ARM.attributes
                0x0000010e       0x2d build\gcc\obj/ril/src/ril_dtmf.o
 .ARM.attributes
                0x0000013b       0x2d build\gcc\obj/ril/src/ril_http.o
 .ARM.attributes
                0x00000168       0x2d build\gcc\obj/ril/src/ril_init.o
 .ARM.attributes
                0x00000195       0x2d build\gcc\obj/ril/src/ril_location.o
 .ARM.attributes
                0x000001c2       0x2d build\gcc\obj/ril/src/ril_ntp.o
 .ARM.attributes
                0x000001ef       0x2d build\gcc\obj/ril/src/ril_sim.o
 .ARM.attributes
                0x0000021c       0x2d build\gcc\obj/ril/src/ril_telephony.o
 .ARM.attributes
                0x00000249       0x2d build\gcc\obj/ril/src/ril_urc.o
 .ARM.attributes
                0x00000276       0x2d build\gcc\obj/ril/src/ril_util.o
 .ARM.attributes
                0x000002a3       0x2d build\gcc\obj/custom/main.o
 .ARM.attributes
                0x000002d0       0x2b libs/gcc/app_start.lib(memory.o)
 .ARM.attributes
                0x000002fb       0x2b libs/gcc/app_start.lib(pwm.o)
 .ARM.attributes
                0x00000326       0x2b libs/gcc/app_start.lib(ql_func.o)
 .ARM.attributes
                0x00000351       0x2b libs/gcc/app_start.lib(ql_main.o)
 .ARM.attributes
                0x0000037c       0x2b libs/gcc/app_start.lib(ril_aux.o)
 .ARM.attributes
                0x000003a7       0x2b libs/gcc/app_start.lib(ril_main.o)
 .ARM.attributes
                0x000003d2       0x2b libs/gcc/app_start.lib(stdlib_func.o)
 .ARM.attributes
                0x000003fd       0x2b libs/gcc/app_start.lib(system.o)
 .ARM.attributes
                0x00000428       0x2b libs/gcc/app_start.lib(taskMngt.o)
 .ARM.attributes
                0x00000453       0x2b libs/gcc/app_start.lib(timer.o)
 .ARM.attributes
                0x0000047e       0x2b libs/gcc/app_start.lib(uart.o)
 .ARM.attributes
                0x000004a9       0x1d libs/gcc/app_start.lib(ocpu_init.o)
 .ARM.attributes
                0x000004c6       0x32 C:\Program Files (x86)\CodeSourcery\Sourcery_CodeBench_Lite_for_ARM_EABI/arm-none-eabi/lib/thumb/libc.a(lib_a-memcpy.o)
 .ARM.attributes
                0x000004f8       0x32 C:\Program Files (x86)\CodeSourcery\Sourcery_CodeBench_Lite_for_ARM_EABI/arm-none-eabi/lib/thumb/libc.a(lib_a-memset.o)
 .ARM.attributes
                0x0000052a       0x1a C:\Program Files (x86)\CodeSourcery\Sourcery_CodeBench_Lite_for_ARM_EABI/lib/gcc/arm-none-eabi/4.6.1/thumb/libgcc.a(_udivsi3.o)
 .ARM.attributes
                0x00000544       0x18 C:\Program Files (x86)\CodeSourcery\Sourcery_CodeBench_Lite_for_ARM_EABI/lib/gcc/arm-none-eabi/4.6.1/thumb/libgcc.a(_dvmd_tls.o)
 .ARM.attributes
                0x0000055c       0x1a C:\Program Files (x86)\CodeSourcery\Sourcery_CodeBench_Lite_for_ARM_EABI/lib/gcc/arm-none-eabi/4.6.1/thumb/libgcc.a(_arm_fixdfsi.o)
 .ARM.attributes
                0x00000576       0x1a C:\Program Files (x86)\CodeSourcery\Sourcery_CodeBench_Lite_for_ARM_EABI/lib/gcc/arm-none-eabi/4.6.1/thumb/libgcc.a(_arm_truncdfsf2.o)

.debug_frame    0x00000000       0x84
 .debug_frame   0x00000000       0x38 C:\Program Files (x86)\CodeSourcery\Sourcery_CodeBench_Lite_for_ARM_EABI/arm-none-eabi/lib/thumb/libc.a(lib_a-memcpy.o)
 .debug_frame   0x00000038       0x2c C:\Program Files (x86)\CodeSourcery\Sourcery_CodeBench_Lite_for_ARM_EABI/arm-none-eabi/lib/thumb/libc.a(lib_a-memset.o)
 .debug_frame   0x00000064       0x20 C:\Program Files (x86)\CodeSourcery\Sourcery_CodeBench_Lite_for_ARM_EABI/lib/gcc/arm-none-eabi/4.6.1/thumb/libgcc.a(_udivsi3.o)
